Microchip MPLAB XC8 Compiler V2.10 ()

Linker command line:

--edf=/opt/microchip/xc8/v2.10/pic/dat/en_msgs.txt -cs \
  -h+dist/free/production/TFT-240x400.X.production.sym \
  --cmf=dist/free/production/TFT-240x400.X.production.cmf -z -Q18F2455 \
  -o/tmp/xcXkR62HJ --defsym=__MPLAB_BUILD=1 \
  -Mdist/free/production/TFT-240x400.X.production.map -E1 -ver=XC8 \
  --acfsm=1493 -ASTACK=060h-07FFh -pstack=STACK -ACODE=00h-05FFFh \
  -ACONST=00h-05FFFh -ASMALLCONST=0800h-08FFhx88 -AMEDIUMCONST=0800h-05FFFh \
  -ACOMRAM=01h-05Fh -AABS1=00h-07FFh -ABIGRAM=01h-07FFh \
  -ARAM=060h-0FFh,0100h-01FFhx7 -ABANK0=060h-0FFh -ABANK1=0100h-01FFh \
  -ABANK2=0200h-02FFh -ABANK3=0300h-03FFh -ABANK4=0400h-04FFh \
  -ABANK5=0500h-05FFh -ABANK6=0600h-06FFh -ABANK7=0700h-07FFh \
  -ASFR=0F60h-0FFFh -preset_vec=00h,intcode=08h,intcodelo,powerup,init \
  -pramtop=0800h -psmallconst=SMALLCONST -pmediumconst=MEDIUMCONST \
  -pconst=CONST -AFARRAM=00h-00h -ACONFIG=0300000h-030000Dh -pconfig=CONFIG \
  -AIDLOC=0200000h-0200007h -pidloc=IDLOC -AEEDATA=0F00000h-0F000FFh \
  -peeprom_data=EEDATA \
  -prdata=COMRAM,nvrram=COMRAM,nvbit=COMRAM,rbss=COMRAM,rbit=COMRAM \
  -pfarbss=FARRAM,fardata=FARRAM,nvFARRAM=FARRAM \
  -pintsave_regs=BIGRAM,bigbss=BIGRAM,bigdata=BIGRAM -pbss=RAM \
  -pidata=CODE,irdata=CODE,ibigdata=CODE,ifardata=CODE -prparam=COMRAM \
  /tmp/xcXNxYI4X.o dist/free/production/TFT-240x400.X.production.o 

Object code version is 3.11

Machine type is 18F2455

Call graph: (short form)




                Name                               Link     Load   Length Selector   Space Scale
/tmp/xcXNxYI4X.o
                init                                  E        E        4        4       0
                reset_vec                             0        0        4        0       0
                idloc                            200000   200000        8   200000       0
                config                           300000   300000        E   300000       0
dist/free/production/TFT-240x400.X.production.o
                intcode                               8        8        6        4       0
                temp                                 31       31        1        1       1
                smallconst                          800      800       CE      400       0
                intcode_body                        F10      F10        6      467       0
                text11                              E76      E76       3A      467       0
                text10                              A5E      A5E      158      467       0
                text9                               DB8      DB8       46      467       0
                text8                               C98      C98       7A      467       0
                text7                               EB0      EB0       26      467       0
                text6                               ED6      ED6       20      467       0
                text5                               BB6      BB6       E2      467       0
                text4                               D12      D12       58      467       0
                text3                               D6A      D6A       4E      467       0
                text2                               DFE      DFE       3E      467       0
                text1                               8CE      8CE      190      467       0
                text0                               EF6      EF6       14      467       0
                cstackCOMRAM                          1        1       23        1       1
                dataCOMRAM                           2B       2B        6        1       1
                bssCOMRAM                            24       24        7        1       1
                cinit                               E3C      E3C       3A      467       0
                idataCOMRAM                         F0A      F0A        6      467       0

TOTAL           Name                               Link     Load   Length     Space
        CLASS   STACK          

        CLASS   CODE           
                intcode                               8        8        6         0
                init                                  E        E        4         0
                reset_vec                             0        0        4         0
                intcode_body                        F10      F10        6         0
                text11                              E76      E76       3A         0
                text10                              A5E      A5E      158         0
                text9                               DB8      DB8       46         0
                text8                               C98      C98       7A         0
                text7                               EB0      EB0       26         0
                text6                               ED6      ED6       20         0
                text5                               BB6      BB6       E2         0
                text4                               D12      D12       58         0
                text3                               D6A      D6A       4E         0
                text2                               DFE      DFE       3E         0
                text1                               8CE      8CE      190         0
                text0                               EF6      EF6       14         0
                cinit                               E3C      E3C       3A         0
                idataCOMRAM                         F0A      F0A        6         0

        CLASS   CONST          

        CLASS   SMALLCONST     
                smallconst                          800      800       CE         0

        CLASS   MEDIUMCONST    

        CLASS   COMRAM         
                temp                                 31       31        1         1
                cstackCOMRAM                          1        1       23         1
                dataCOMRAM                           2B       2B        6         1
                bssCOMRAM                            24       24        7         1

        CLASS   ABS1           

        CLASS   BIGRAM         

        CLASS   RAM            

        CLASS   BANK0          

        CLASS   BANK1          

        CLASS   BANK2          

        CLASS   BANK3          

        CLASS   BANK4          

        CLASS   BANK5          

        CLASS   BANK6          

        CLASS   BANK7          

        CLASS   SFR            

        CLASS   FARRAM         

        CLASS   CONFIG         
                config                           300000   300000        E         0

        CLASS   IDLOC          
                idloc                            200000   200000        8         0

        CLASS   EEDATA         



SEGMENTS        Name                           Load    Length   Top    Selector   Space  Class

                reset_vec                      000000  000004  000004         0       0  CODE    
                cstackCOMRAM                   000001  000031  000032         1       1  COMRAM  
                intcode                        000008  00000A  000012         4       0  CODE    
                smallconst                     000800  0000CE  0008CE       400       0  SMALLCON
                text1                          0008CE  000648  000F16       467       0  CODE    
                idloc                          200000  000008  200008    200000       0  IDLOC   
                config                         300000  00000E  30000E    300000       0  CONFIG  


UNUSED ADDRESS RANGES

        Name                Unused          Largest block    Delta
        BANK0            000060-0000FF               A0
        BANK1            000100-0001FF              100
        BANK2            000200-0002FF              100
        BANK3            000300-0003FF              100
        BANK4            000400-0004FF              100
        BANK5            000500-0005FF              100
        BANK6            000600-0006FF              100
        BANK7            000700-0007FF              100
        BIGRAM           000032-0007FF              7CE
        CODE             000004-000007                4
                         000012-0007FF              7EE
                         000F16-005FFF             50EA
        COMRAM           000032-00005F               2E
        CONST            000004-000007                4
                         000012-0007FF              7EE
                         000F16-005FFF             50EA
        EEDATA           F00000-F000FF              100
        MEDIUMCONST      000F16-005FFF             50EA
        RAM              000060-0007FF              100
        SFR              000F60-000FFF               A0
        SMALLCONST       000F16-005FFF              100
        STACK            000060-0007FF              7A0

                                  Symbol Table

?_TFT_ColorRGBTo16Bit         cstackCOMRAM 000001
TFT_ColorRGBTo16Bit@b         cstackCOMRAM 000002
TFT_ColorRGBTo16Bit@g         cstackCOMRAM 000001
TFT_ColorRGBTo16Bit@r         cstackCOMRAM 000009
TFT_DrawPixel@color           cstackCOMRAM 00000E
TFT_DrawPixel@x               cstackCOMRAM 00000A
TFT_DrawPixel@y               cstackCOMRAM 00000C
TFT_FillScreen@color          cstackCOMRAM 000018
TFT_Flood@blocks              cstackCOMRAM 000013
TFT_Flood@color               cstackCOMRAM 000009
TFT_Flood@color_hi            cstackCOMRAM 000016
TFT_Flood@color_lo            cstackCOMRAM 000017
TFT_Flood@i                   cstackCOMRAM 000015
TFT_Flood@len                 cstackCOMRAM 00000B
TFT_Init@cmd                  cstackCOMRAM 000020
TFT_Init@data                 cstackCOMRAM 00001C
TFT_Init@i                    cstackCOMRAM 000022
TFT_Init@initSequenceSize     cstackCOMRAM 00001E
TFT_SetAddrWindow@x1          cstackCOMRAM 000009
TFT_SetAddrWindow@x2          cstackCOMRAM 00000D
TFT_SetAddrWindow@y1          cstackCOMRAM 00000B
TFT_SetAddrWindow@y2          cstackCOMRAM 00000F
TFT_WriteRegister@data        cstackCOMRAM 000003
TFT_WriteRegister@h           cstackCOMRAM 000005
TFT_WriteRegister@h_320       cstackCOMRAM 000007
TFT_WriteRegister@l           cstackCOMRAM 000006
TFT_WriteRegister@l_321       cstackCOMRAM 000008
TFT_WriteRegister@reg         cstackCOMRAM 000001
_GIE                          (abs)        007F97
_LATA                         (abs)        000F89
_LATB                         (abs)        000F8A
_LATC                         (abs)        000F8B
_OSCCONbits                   (abs)        000FD3
_OSCTUNEbits                  (abs)        000F9B
_PEIE                         (abs)        007F96
_PORTA                        (abs)        000F80
_PORTB                        (abs)        000F81
_PORTC                        (abs)        000F82
_PORTCbits                    (abs)        000F82
_RBPU                         (abs)        007F8F
_SSPIE                        (abs)        007CEB
_TFT_ColorRGBTo16Bit          text3        000D6A
_TFT_DrawPixel                text2        000DFE
_TFT_FillScreen               text9        000DB8
_TFT_Flood                    text10       000A5E
_TFT_FullScreen               text7        000EB0
_TFT_Init                     text5        000BB6
_TFT_Init_Sequence            smallconst   000801
_TFT_Reset                    text6        000ED6
_TFT_SetAddrWindow            text8        000C98
_TFT_WriteRegister            text11       000E76
_TRISA                        (abs)        000F92
_TRISB                        (abs)        000F93
_TRISC                        (abs)        000F94
_UCFGbits                     (abs)        000F6F
_UCONbits                     (abs)        000F6D
__CFG_BOR$OFF                 (abs)        000000
__CFG_BORV$0                  (abs)        000000
__CFG_CCP2MX$ON               (abs)        000000
__CFG_CP0$OFF                 (abs)        000000
__CFG_CP1$OFF                 (abs)        000000
__CFG_CP2$OFF                 (abs)        000000
__CFG_CPB$OFF                 (abs)        000000
__CFG_CPD$OFF                 (abs)        000000
__CFG_CPUDIV$OSC2_PLL3        (abs)        000000
__CFG_EBTR0$OFF               (abs)        000000
__CFG_EBTR1$OFF               (abs)        000000
__CFG_EBTR2$OFF               (abs)        000000
__CFG_EBTRB$OFF               (abs)        000000
__CFG_FCMEN$OFF               (abs)        000000
__CFG_FOSC$HSPLL_HS           (abs)        000000
__CFG_IESO$OFF                (abs)        000000
__CFG_LPT1OSC$OFF             (abs)        000000
__CFG_LVP$OFF                 (abs)        000000
__CFG_MCLRE$OFF               (abs)        000000
__CFG_PBADEN$OFF              (abs)        000000
__CFG_PLLDIV$1                (abs)        000000
__CFG_PWRT$OFF                (abs)        000000
__CFG_STVREN$OFF              (abs)        000000
__CFG_USBDIV$2                (abs)        000000
__CFG_VREGEN$OFF              (abs)        000000
__CFG_WDT$OFF                 (abs)        000000
__CFG_WDTPS$32768             (abs)        000000
__CFG_WRT0$OFF                (abs)        000000
__CFG_WRT1$OFF                (abs)        000000
__CFG_WRT2$OFF                (abs)        000000
__CFG_WRTB$OFF                (abs)        000000
__CFG_WRTC$OFF                (abs)        000000
__CFG_WRTD$OFF                (abs)        000000
__CFG_XINST$OFF               (abs)        000000
__HRAM                        (abs)        000000
__Habs1                       abs1         000000
__Hbank0                      bank0        000000
__Hbank1                      bank1        000000
__Hbank2                      bank2        000000
__Hbank3                      bank3        000000
__Hbank4                      bank4        000000
__Hbank5                      bank5        000000
__Hbank6                      bank6        000000
__Hbank7                      bank7        000000
__Hbigbss                     bigbss       000000
__Hbigdata                    bigdata      000000
__Hbigram                     bigram       000000
__Hbss                        bss          000000
__HbssCOMRAM                  bssCOMRAM    000000
__Hcinit                      cinit        000000
__Hclrtext                    clrtext      000000
__Hcomram                     comram       000000
__Hconfig                     config       30000E
__Hconst                      const        000000
__HcstackCOMRAM               cstackCOMRAM 000000
__Hdata                       data         000000
__HdataCOMRAM                 dataCOMRAM   000000
__Heeprom_data                eeprom_data  000000
__Hfarbss                     farbss       000000
__Hfardata                    fardata      000000
__Hibigdata                   ibigdata     000000
__Hidata                      idata        000000
__HidataCOMRAM                idataCOMRAM  000000
__Hidloc                      idloc        200008
__Hifardata                   ifardata     000000
__Hinit                       init         000012
__Hintcode                    intcode      00000E
__Hintcode_body               intcode_body 000000
__Hintcodelo                  intcodelo    00000E
__Hintentry                   intentry     000000
__Hintret                     intret       000000
__Hintsave_regs               intsave_regs 000000
__Hirdata                     irdata       000000
__Hmediumconst                mediumconst  000000
__HnvFARRAM                   nvFARRAM     000000
__Hnvbit                      nvbit        000000
__Hnvrram                     nvrram       000000
__Hparam                      rparam       000000
__Hpowerup                    powerup      00000E
__Hram                        ram          000000
__Hramtop                     ramtop       000800
__Hrbit                       rbit         000000
__Hrbss                       rbss         000000
__Hrdata                      rdata        000000
__Hreset_vec                  reset_vec    000004
__Hrparam                     rparam       000000
__Hsfr                        sfr          000000
__Hsmallconst                 smallconst   0008CE
__Hspace_0                    (abs)        30000E
__Hspace_1                    (abs)        000032
__Hspace_2                    (abs)        000000
__Hstack                      stack        000000
__Hstruct                     struct       000000
__Htemp                       temp         000032
__Htext                       text         000000
__Htext0                      text0        000000
__Htext1                      text1        000000
__Htext10                     text10       000000
__Htext11                     text11       000000
__Htext2                      text2        000000
__Htext3                      text3        000000
__Htext4                      text4        000000
__Htext5                      text5        000000
__Htext6                      text6        000000
__Htext7                      text7        000000
__Htext8                      text8        000000
__Htext9                      text9        000000
__LRAM                        (abs)        000001
__Labs1                       abs1         000000
__Lbank0                      bank0        000000
__Lbank1                      bank1        000000
__Lbank2                      bank2        000000
__Lbank3                      bank3        000000
__Lbank4                      bank4        000000
__Lbank5                      bank5        000000
__Lbank6                      bank6        000000
__Lbank7                      bank7        000000
__Lbigbss                     bigbss       000000
__Lbigdata                    bigdata      000000
__Lbigram                     bigram       000000
__Lbss                        bss          000000
__LbssCOMRAM                  bssCOMRAM    000000
__Lcinit                      cinit        000000
__Lclrtext                    clrtext      000000
__Lcomram                     comram       000000
__Lconfig                     config       300000
__Lconst                      const        000000
__LcstackCOMRAM               cstackCOMRAM 000000
__Ldata                       data         000000
__LdataCOMRAM                 dataCOMRAM   000000
__Leeprom_data                eeprom_data  000000
__Lfarbss                     farbss       000000
__Lfardata                    fardata      000000
__Libigdata                   ibigdata     000000
__Lidata                      idata        000000
__LidataCOMRAM                idataCOMRAM  000000
__Lidloc                      idloc        200000
__Lifardata                   ifardata     000000
__Linit                       init         00000E
__Lintcode                    intcode      000008
__Lintcode_body               intcode_body 000000
__Lintcodelo                  intcodelo    00000E
__Lintentry                   intentry     000000
__Lintret                     intret       000000
__Lintsave_regs               intsave_regs 000000
__Lirdata                     irdata       000000
__Lmediumconst                mediumconst  000000
__LnvFARRAM                   nvFARRAM     000000
__Lnvbit                      nvbit        000000
__Lnvrram                     nvrram       000000
__Lparam                      rparam       000000
__Lpowerup                    powerup      00000E
__Lram                        ram          000000
__Lramtop                     ramtop       000800
__Lrbit                       rbit         000000
__Lrbss                       rbss         000000
__Lrdata                      rdata        000000
__Lreset_vec                  reset_vec    000000
__Lrparam                     rparam       000000
__Lsfr                        sfr          000000
__Lsmallconst                 smallconst   000800
__Lspace_0                    (abs)        000000
__Lspace_1                    (abs)        000000
__Lspace_2                    (abs)        000000
__Lstack                      stack        000000
__Lstruct                     struct       000000
__Ltemp                       temp         000031
__Ltext                       text         000000
__Ltext0                      text0        000000
__Ltext1                      text1        000000
__Ltext10                     text10       000000
__Ltext11                     text11       000000
__Ltext2                      text2        000000
__Ltext3                      text3        000000
__Ltext4                      text4        000000
__Ltext5                      text5        000000
__Ltext6                      text6        000000
__Ltext7                      text7        000000
__Ltext8                      text8        000000
__Ltext9                      text9        000000
__S0                          (abs)        30000E
__S1                          (abs)        000032
__S2                          (abs)        000000
___inthi_sp                   stack        000000
___intlo_sp                   stack        000000
___param_bank                 (abs)        000000
___rparam_used                (abs)        000001
___sp                         stack        000000
__accesstop                   (abs)        000060
__activetblptr                (abs)        000002
__end_of_TFT_ColorRGBTo16Bit  text3        000DB8
__end_of_TFT_DrawPixel        text2        000E3C
__end_of_TFT_FillScreen       text9        000DFE
__end_of_TFT_Flood            text10       000BB6
__end_of_TFT_FullScreen       text7        000ED6
__end_of_TFT_Init             text5        000C98
__end_of_TFT_Init_Sequence    smallconst   0008CD
__end_of_TFT_Reset            text6        000EF6
__end_of_TFT_SetAddrWindow    text8        000D12
__end_of_TFT_WriteRegister    text11       000EB0
__end_of__initialization      cinit        000E68
__end_of_init                 text4        000D6A
__end_of_isr                  intcode_body 000F16
__end_of_loop                 text1        000A5E
__end_of_main                 text0        000F0A
__initialization              cinit        000E3C
__mediumconst                 mediumconst  000000
__pbssCOMRAM                  bssCOMRAM    000024
__pcinit                      cinit        000E3C
__pcstackCOMRAM               cstackCOMRAM 000001
__pdataCOMRAM                 dataCOMRAM   00002B
__pidataCOMRAM                idataCOMRAM  000F0A
__pintcode                    intcode      000008
__pintcode_body               intcode_body 000F10
__psmallconst                 smallconst   000800
__ptext0                      text0        000EF6
__ptext1                      text1        0008CE
__ptext10                     text10       000A5E
__ptext11                     text11       000E76
__ptext2                      text2        000DFE
__ptext3                      text3        000D6A
__ptext4                      text4        000D12
__ptext5                      text5        000BB6
__ptext6                      text6        000ED6
__ptext7                      text7        000EB0
__ptext8                      text8        000C98
__ptext9                      text9        000DB8
__ramtop                      ramtop       000800
__size_of_TFT_ColorRGBTo16Bit (abs)        000000
__size_of_TFT_DrawPixel       (abs)        000000
__size_of_TFT_FillScreen      (abs)        000000
__size_of_TFT_Flood           (abs)        000000
__size_of_TFT_FullScreen      (abs)        000000
__size_of_TFT_Init            (abs)        000000
__size_of_TFT_Reset           (abs)        000000
__size_of_TFT_SetAddrWindow   (abs)        000000
__size_of_TFT_WriteRegister   (abs)        000000
__size_of_init                (abs)        000000
__size_of_isr                 (abs)        000000
__size_of_loop                (abs)        000000
__size_of_main                (abs)        000000
__smallconst                  smallconst   000800
_b                            bssCOMRAM    000028
_bDir                         dataCOMRAM   00002C
_cCol                         dataCOMRAM   00002B
_drX                          bssCOMRAM    000026
_drY                          bssCOMRAM    000024
_g                            bssCOMRAM    000029
_gDir                         dataCOMRAM   00002D
_init                         text4        000D12
_isr                          intcode      000008
_loop                         text1        0008CE
_main                         text0        000EF6
_r                            bssCOMRAM    00002A
_rDir                         dataCOMRAM   00002E
_xDir                         dataCOMRAM   000030
_yDir                         dataCOMRAM   00002F
btemp                         temp         000031
end_of_initialization         cinit        000E68
int$flags                     temp         000031
int_func                      intcode_body 000F10
intlevel0                     text         000000
intlevel1                     text         000000
intlevel2                     text         000000
intlevel3                     text         000000
stackhi                       (abs)        0007FF
stacklo                       (abs)        000060
start                         init         00000E
start_initialization          cinit        000E3C
ttemp5                        temp         000032
ttemp6                        temp         000035
ttemp7                        temp         000039
wtemp8                        temp         000032


FUNCTION INFORMATION:

 *************** function _main *****************
 Defined at:
		line 16 in file "main.c"
 Parameters:    Size  Location     Type
		None
 Auto vars:     Size  Location     Type
		None
 Return value:  Size  Location     Type
                  1    wreg      void 
 Registers used:
		wreg, status,2, status,0, tblptrl, tblptrh, tblptru, prodl, prodh, cstack
 Tracked objects:
		On entry : 
		On exit  : 
		Unchanged: 
 Data sizes:     COMRAM   BANK0   BANK1   BANK2   BANK3   BANK4   BANK5   BANK6   BANK7
      Params:         0       0       0       0       0       0       0       0       0
      Locals:         0       0       0       0       0       0       0       0       0
      Temps:          0       0       0       0       0       0       0       0       0
      Totals:         0       0       0       0       0       0       0       0       0
Total ram usage:        0 bytes
 Hardware stack levels required when called:    5
 This function calls:
		_TFT_Init
		_init
		_loop
 This function is called by:
		Startup code after reset
 This function uses a non-reentrant model


 *************** function _loop *****************
 Defined at:
		line 36 in file "main.c"
 Parameters:    Size  Location     Type
		None
 Auto vars:     Size  Location     Type
		None
 Return value:  Size  Location     Type
                  1    wreg      void 
 Registers used:
		wreg, status,2, status,0, prodl, prodh, cstack
 Tracked objects:
		On entry : 
		On exit  : 
		Unchanged: 
 Data sizes:     COMRAM   BANK0   BANK1   BANK2   BANK3   BANK4   BANK5   BANK6   BANK7
      Params:         0       0       0       0       0       0       0       0       0
      Locals:         0       0       0       0       0       0       0       0       0
      Temps:          0       0       0       0       0       0       0       0       0
      Totals:         0       0       0       0       0       0       0       0       0
Total ram usage:        0 bytes
 Hardware stack levels used:    1
 Hardware stack levels required when called:    3
 This function calls:
		_TFT_ColorRGBTo16Bit
		_TFT_DrawPixel
 This function is called by:
		_main
 This function uses a non-reentrant model


 *************** function _TFT_DrawPixel *****************
 Defined at:
		line 94 in file "TFT.c"
 Parameters:    Size  Location     Type
  x               2    9[COMRAM] unsigned int 
  y               2   11[COMRAM] unsigned int 
  color           2   13[COMRAM] unsigned int 
 Auto vars:     Size  Location     Type
		None
 Return value:  Size  Location     Type
                  1    wreg      void 
 Registers used:
		wreg, status,2, cstack
 Tracked objects:
		On entry : 
		On exit  : 
		Unchanged: 
 Data sizes:     COMRAM   BANK0   BANK1   BANK2   BANK3   BANK4   BANK5   BANK6   BANK7
      Params:         6       0       0       0       0       0       0       0       0
      Locals:         0       0       0       0       0       0       0       0       0
      Temps:          0       0       0       0       0       0       0       0       0
      Totals:         6       0       0       0       0       0       0       0       0
Total ram usage:        6 bytes
 Hardware stack levels used:    1
 Hardware stack levels required when called:    2
 This function calls:
		_TFT_WriteRegister
 This function is called by:
		_loop
 This function uses a non-reentrant model


 *************** function _TFT_ColorRGBTo16Bit *****************
 Defined at:
		line 150 in file "TFT.c"
 Parameters:    Size  Location     Type
  r               1    wreg     unsigned char 
  g               1    0[COMRAM] unsigned char 
  b               1    1[COMRAM] unsigned char 
 Auto vars:     Size  Location     Type
  r               1    8[COMRAM] unsigned char 
 Return value:  Size  Location     Type
                  2    0[COMRAM] unsigned int 
 Registers used:
		wreg, status,2, status,0
 Tracked objects:
		On entry : 
		On exit  : 
		Unchanged: 
 Data sizes:     COMRAM   BANK0   BANK1   BANK2   BANK3   BANK4   BANK5   BANK6   BANK7
      Params:         2       0       0       0       0       0       0       0       0
      Locals:         1       0       0       0       0       0       0       0       0
      Temps:          6       0       0       0       0       0       0       0       0
      Totals:         9       0       0       0       0       0       0       0       0
Total ram usage:        9 bytes
 Hardware stack levels used:    1
 Hardware stack levels required when called:    1
 This function calls:
		Nothing
 This function is called by:
		_loop
 This function uses a non-reentrant model


 *************** function _init *****************
 Defined at:
		line 16 in file "init.c"
 Parameters:    Size  Location     Type
		None
 Auto vars:     Size  Location     Type
		None
 Return value:  Size  Location     Type
                  1    wreg      void 
 Registers used:
		wreg, status,2
 Tracked objects:
		On entry : 
		On exit  : 
		Unchanged: 
 Data sizes:     COMRAM   BANK0   BANK1   BANK2   BANK3   BANK4   BANK5   BANK6   BANK7
      Params:         0       0       0       0       0       0       0       0       0
      Locals:         0       0       0       0       0       0       0       0       0
      Temps:          2       0       0       0       0       0       0       0       0
      Totals:         2       0       0       0       0       0       0       0       0
Total ram usage:        2 bytes
 Hardware stack levels used:    1
 Hardware stack levels required when called:    1
 This function calls:
		Nothing
 This function is called by:
		_main
 This function uses a non-reentrant model


 *************** function _TFT_Init *****************
 Defined at:
		line 72 in file "TFT.c"
 Parameters:    Size  Location     Type
		None
 Auto vars:     Size  Location     Type
  i               2   33[COMRAM] unsigned int 
  cmd             2   31[COMRAM] unsigned int 
  initSequence    2   29[COMRAM] unsigned int 
  data            2   27[COMRAM] unsigned int 
 Return value:  Size  Location     Type
                  1    wreg      void 
 Registers used:
		wreg, status,2, status,0, tblptrl, tblptrh, tblptru, cstack
 Tracked objects:
		On entry : 
		On exit  : 
		Unchanged: 
 Data sizes:     COMRAM   BANK0   BANK1   BANK2   BANK3   BANK4   BANK5   BANK6   BANK7
      Params:         0       0       0       0       0       0       0       0       0
      Locals:         8       0       0       0       0       0       0       0       0
      Temps:          2       0       0       0       0       0       0       0       0
      Totals:        10       0       0       0       0       0       0       0       0
Total ram usage:       10 bytes
 Hardware stack levels used:    1
 Hardware stack levels required when called:    4
 This function calls:
		_TFT_FillScreen
		_TFT_FullScreen
		_TFT_Reset
		_TFT_WriteRegister
 This function is called by:
		_main
 This function uses a non-reentrant model


 *************** function _TFT_Reset *****************
 Defined at:
		line 46 in file "TFT.c"
 Parameters:    Size  Location     Type
		None
 Auto vars:     Size  Location     Type
		None
 Return value:  Size  Location     Type
                  1    wreg      void 
 Registers used:
		wreg, status,2
 Tracked objects:
		On entry : 
		On exit  : 
		Unchanged: 
 Data sizes:     COMRAM   BANK0   BANK1   BANK2   BANK3   BANK4   BANK5   BANK6   BANK7
      Params:         0       0       0       0       0       0       0       0       0
      Locals:         0       0       0       0       0       0       0       0       0
      Temps:          1       0       0       0       0       0       0       0       0
      Totals:         1       0       0       0       0       0       0       0       0
Total ram usage:        1 bytes
 Hardware stack levels used:    1
 Hardware stack levels required when called:    1
 This function calls:
		Nothing
 This function is called by:
		_TFT_Init
 This function uses a non-reentrant model


 *************** function _TFT_FullScreen *****************
 Defined at:
		line 68 in file "TFT.c"
 Parameters:    Size  Location     Type
		None
 Auto vars:     Size  Location     Type
		None
 Return value:  Size  Location     Type
                  1    wreg      void 
 Registers used:
		wreg, status,2, cstack
 Tracked objects:
		On entry : 
		On exit  : 
		Unchanged: 
 Data sizes:     COMRAM   BANK0   BANK1   BANK2   BANK3   BANK4   BANK5   BANK6   BANK7
      Params:         0       0       0       0       0       0       0       0       0
      Locals:         0       0       0       0       0       0       0       0       0
      Temps:          0       0       0       0       0       0       0       0       0
      Totals:         0       0       0       0       0       0       0       0       0
Total ram usage:        0 bytes
 Hardware stack levels used:    1
 Hardware stack levels required when called:    3
 This function calls:
		_TFT_SetAddrWindow
 This function is called by:
		_TFT_Init
		_TFT_DrawRect
 This function uses a non-reentrant model


 *************** function _TFT_SetAddrWindow *****************
 Defined at:
		line 56 in file "TFT.c"
 Parameters:    Size  Location     Type
  x1              2    8[COMRAM] unsigned int 
  y1              2   10[COMRAM] unsigned int 
  x2              2   12[COMRAM] unsigned int 
  y2              2   14[COMRAM] unsigned int 
 Auto vars:     Size  Location     Type
		None
 Return value:  Size  Location     Type
                  1    wreg      void 
 Registers used:
		wreg, status,2, cstack
 Tracked objects:
		On entry : 
		On exit  : 
		Unchanged: 
 Data sizes:     COMRAM   BANK0   BANK1   BANK2   BANK3   BANK4   BANK5   BANK6   BANK7
      Params:         8       0       0       0       0       0       0       0       0
      Locals:         0       0       0       0       0       0       0       0       0
      Temps:          0       0       0       0       0       0       0       0       0
      Totals:         8       0       0       0       0       0       0       0       0
Total ram usage:        8 bytes
 Hardware stack levels used:    1
 Hardware stack levels required when called:    2
 This function calls:
		_TFT_WriteRegister
 This function is called by:
		_TFT_FullScreen
		_TFT_DrawRect
 This function uses a non-reentrant model


 *************** function _TFT_FillScreen *****************
 Defined at:
		line 144 in file "TFT.c"
 Parameters:    Size  Location     Type
  color           2   23[COMRAM] unsigned int 
 Auto vars:     Size  Location     Type
		None
 Return value:  Size  Location     Type
                  1    wreg      void 
 Registers used:
		wreg, status,2, status,0, cstack
 Tracked objects:
		On entry : 
		On exit  : 
		Unchanged: 
 Data sizes:     COMRAM   BANK0   BANK1   BANK2   BANK3   BANK4   BANK5   BANK6   BANK7
      Params:         2       0       0       0       0       0       0       0       0
      Locals:         0       0       0       0       0       0       0       0       0
      Temps:          0       0       0       0       0       0       0       0       0
      Totals:         2       0       0       0       0       0       0       0       0
Total ram usage:        2 bytes
 Hardware stack levels used:    1
 Hardware stack levels required when called:    3
 This function calls:
		_TFT_Flood
		_TFT_WriteRegister
 This function is called by:
		_TFT_Init
 This function uses a non-reentrant model


 *************** function _TFT_Flood *****************
 Defined at:
		line 106 in file "TFT.c"
 Parameters:    Size  Location     Type
  color           2    8[COMRAM] unsigned int 
  len             4   10[COMRAM] unsigned long 
 Auto vars:     Size  Location     Type
  blocks          2   18[COMRAM] unsigned int 
  color_lo        1   22[COMRAM] unsigned char 
  color_hi        1   21[COMRAM] unsigned char 
  i               1   20[COMRAM] unsigned char 
 Return value:  Size  Location     Type
                  1    wreg      void 
 Registers used:
		wreg, status,2, status,0, cstack
 Tracked objects:
		On entry : 
		On exit  : 
		Unchanged: 
 Data sizes:     COMRAM   BANK0   BANK1   BANK2   BANK3   BANK4   BANK5   BANK6   BANK7
      Params:         6       0       0       0       0       0       0       0       0
      Locals:         5       0       0       0       0       0       0       0       0
      Temps:          4       0       0       0       0       0       0       0       0
      Totals:        15       0       0       0       0       0       0       0       0
Total ram usage:       15 bytes
 Hardware stack levels used:    1
 Hardware stack levels required when called:    2
 This function calls:
		_TFT_WriteRegister
 This function is called by:
		_TFT_FillScreen
		_TFT_DrawRect
 This function uses a non-reentrant model


 *************** function _TFT_WriteRegister *****************
 Defined at:
		line 12 in file "TFT.c"
 Parameters:    Size  Location     Type
  reg             2    0[COMRAM] unsigned int 
  data            2    2[COMRAM] unsigned int 
 Auto vars:     Size  Location     Type
  l               1    7[COMRAM] unsigned char 
  h               1    6[COMRAM] unsigned char 
  l               1    5[COMRAM] unsigned char 
  h               1    4[COMRAM] unsigned char 
 Return value:  Size  Location     Type
                  1    wreg      void 
 Registers used:
		wreg, status,2
 Tracked objects:
		On entry : 
		On exit  : 
		Unchanged: 
 Data sizes:     COMRAM   BANK0   BANK1   BANK2   BANK3   BANK4   BANK5   BANK6   BANK7
      Params:         4       0       0       0       0       0       0       0       0
      Locals:         4       0       0       0       0       0       0       0       0
      Temps:          0       0       0       0       0       0       0       0       0
      Totals:         8       0       0       0       0       0       0       0       0
Total ram usage:        8 bytes
 Hardware stack levels used:    1
 Hardware stack levels required when called:    1
 This function calls:
		Nothing
 This function is called by:
		_TFT_SetAddrWindow
		_TFT_Init
		_TFT_DrawPixel
		_TFT_Flood
		_TFT_FillScreen
 This function uses a non-reentrant model


 *************** function _isr *****************
 Defined at:
		line 81 in file "init.c"
 Parameters:    Size  Location     Type
		None
 Auto vars:     Size  Location     Type
		None
 Return value:  Size  Location     Type
                  1    wreg      void 
 Registers used:
		None
 Tracked objects:
		On entry : 
		On exit  : 
		Unchanged: 
 Data sizes:     COMRAM   BANK0   BANK1   BANK2   BANK3   BANK4   BANK5   BANK6   BANK7
      Params:         0       0       0       0       0       0       0       0       0
      Locals:         0       0       0       0       0       0       0       0       0
      Temps:          0       0       0       0       0       0       0       0       0
      Totals:         0       0       0       0       0       0       0       0       0
Total ram usage:        0 bytes
 Hardware stack levels used:    1
 This function calls:
		Nothing
 This function is called by:
		Interrupt level 2
 This function uses a non-reentrant model



MODULE INFORMATION

Module		Function		Class		Link	Load	Size
TFT.c
		_TFT_DrawPixel 		CODE           	0DFE	0000	63
		_TFT_WriteRegister		CODE           	0E76	0000	59
		_TFT_FullScreen		CODE           	0EB0	0000	39
		_TFT_Reset     		CODE           	0ED6	0000	33
		_TFT_SetAddrWindow		CODE           	0C98	0000	123
		_TFT_Flood     		CODE           	0A5E	0000	345
		_TFT_Init      		CODE           	0BB6	0000	227
		_TFT_ColorRGBTo16Bit		CODE           	0D6A	0000	79
		_TFT_FillScreen		CODE           	0DB8	0000	71

TFT.c estimated size: 1039

shared
		_TFT_Init_Sequence		SMALLCONST     	0801	0000	205
		__initialization		CODE           	0E3C	0000	45

shared estimated size: 250

init.c
		_init          		CODE           	0D12	0000	89
		_isr           		CODE           	0008	0000	13

init.c estimated size: 102

main.c
		_loop          		CODE           	08CE	0000	401
		_main          		CODE           	0EF6	0000	21

main.c estimated size: 422

